// Jest Snapshot v1, https://goo.gl/fbAQLP

exports[`AlbumCoverCell renders correctly 1`] = `
<View
  style={
    Object {
      "height": 750,
      "width": 750,
    }
  }
>
  <Image
    onLoadEnd={[Function]}
    source={
      Object {
        "uri": "https://example.com/1",
      }
    }
    style={
      Object {
        "height": 750,
        "opacity": 0,
        "width": 750,
      }
    }
  />
  <View
    style={
      Object {
        "alignItems": "center",
        "backgroundColor": "rgba(0,0,0,0.7)",
        "bottom": 0,
        "flex": 1,
        "justifyContent": "center",
        "left": 0,
        "opacity": 0,
        "padding": 12,
        "position": "absolute",
        "right": 0,
      }
    }
  >
    <Text
      accessible={true}
      allowFontScaling={true}
      ellipsizeMode="tail"
      style={
        Object {
          "color": "rgba(255,255,255,0.5)",
          "marginBottom": 8,
        }
      }
    >
      Name-1
    </Text>
    <Text
      accessible={true}
      allowFontScaling={true}
      ellipsizeMode="tail"
      style={
        Object {
          "color": "white",
        }
      }
    >
      AlbumTitle-1
    </Text>
  </View>
</View>
`;
