// Jest Snapshot v1, https://goo.gl/fbAQLP

exports[`ListenOnSpotifyButton renders correctly 1`] = `
<View
  accessibilityComponentType={undefined}
  accessibilityLabel={undefined}
  accessibilityTraits={undefined}
  accessible={true}
  hitSlop={undefined}
  isTVSelectable={true}
  onLayout={undefined}
  onResponderGrant={[Function]}
  onResponderMove={[Function]}
  onResponderRelease={[Function]}
  onResponderTerminate={[Function]}
  onResponderTerminationRequest={[Function]}
  onStartShouldSetResponder={[Function]}
  style={
    Object {
      "opacity": 1,
    }
  }
  testID={undefined}
  tvParallaxProperties={undefined}
>
  <View
    style={
      Array [
        Object {
          "backgroundColor": "#1ed760",
          "borderRadius": 22,
          "height": 44,
          "margin": 12,
          "padding": 8,
          "width": 200,
        },
        false,
      ]
    }
  >
    <Text
      accessible={true}
      allowFontScaling={true}
      ellipsizeMode="tail"
      style={
        Object {
          "color": "white",
          "fontSize": 16,
          "fontWeight": "bold",
          "margin": 4,
          "textAlign": "center",
        }
      }
    >
      Spotifyで聴く
    </Text>
  </View>
</View>
`;
